******************************************************************************
                  MSP430 Linker PC v4.0.0                      
******************************************************************************
>> Linked Thu May 08 23:35:18 2014

OUTPUT FILE NAME:   <my rfid.out>
ENTRY POINT SYMBOL: "_c_int00"  address: 0000d166


MEMORY CONFIGURATION

         name            origin    length      used     unused   attr    fill
----------------------  --------  ---------  --------  --------  ----  --------
  SFR                   00000000   00000010  00000000  00000010  RWIX
  PERIPHERALS_8BIT      00000010   000000f0  00000000  000000f0  RWIX
  PERIPHERALS_16BIT     00000100   00000100  00000000  00000100  RWIX
  RAM                   00000200   00000200  000000d8  00000128  RWIX
  INFOD                 00001000   00000040  00000000  00000040  RWIX
  INFOC                 00001040   00000040  00000000  00000040  RWIX
  INFOB                 00001080   00000040  00000000  00000040  RWIX
  INFOA                 000010c0   00000040  00000000  00000040  RWIX
  FLASH                 0000c000   00003fe0  000014c8  00002b18  RWIX
  INT00                 0000ffe0   00000002  00000000  00000002  RWIX
  INT01                 0000ffe2   00000002  00000000  00000002  RWIX
  INT02                 0000ffe4   00000002  00000000  00000002  RWIX
  INT03                 0000ffe6   00000002  00000002  00000000  RWIX
  INT04                 0000ffe8   00000002  00000000  00000002  RWIX
  INT05                 0000ffea   00000002  00000000  00000002  RWIX
  INT06                 0000ffec   00000002  00000000  00000002  RWIX
  INT07                 0000ffee   00000002  00000002  00000000  RWIX
  INT08                 0000fff0   00000002  00000000  00000002  RWIX
  INT09                 0000fff2   00000002  00000002  00000000  RWIX
  INT10                 0000fff4   00000002  00000000  00000002  RWIX
  INT11                 0000fff6   00000002  00000000  00000002  RWIX
  INT12                 0000fff8   00000002  00000000  00000002  RWIX
  INT13                 0000fffa   00000002  00000000  00000002  RWIX
  INT14                 0000fffc   00000002  00000000  00000002  RWIX
  RESET                 0000fffe   00000002  00000002  00000000  RWIX


SECTION ALLOCATION MAP

 output                                  attributes/
section   page    origin      length       input sections
--------  ----  ----------  ----------   ----------------
.pinit     0    0000c000    00000000     UNINITIALIZED

.bss       0    00000200    00000088     UNINITIALIZED
                  00000200    00000079     main.obj (.bss)
                  00000279    00000001     spi.obj (.bss)
                  0000027a    00000004     rts430.lib : _lock.obj (.bss)
                  0000027e    00000004                : boot.obj (.bss)
                  00000282    00000004     trf7960a.obj (.bss)
                  00000286    00000002     iso15693.obj (.bss)

.stack     0    000003b0    00000050     UNINITIALIZED
                  000003b0    00000002     rts430.lib : boot.obj (.stack)
                  000003b2    0000004e     --HOLE--

.text      0    0000c000    00001378     
                  0000c000    0000026e     main.obj (.text:main)
                  0000c26e    0000021a     iso15693.obj (.text:Iso15693Anticollision)
                  0000c488    00000206     trf7960a.obj (.text:Trf796xWriteIsoControl)
                  0000c68e    00000130     trf7960a.obj (.text:Trf796xISR2)
                  0000c7be    00000130     trf7960a.obj (.text:Trf796xISR)
                  0000c8ee    000000d6     iso15693.obj (.text:Iso15693WriteSingleBlockWithoutUID)
                  0000c9c4    000000a6     iso15693.obj (.text:Iso15693ReadSingleBlockWithoutUID)
                  0000ca6a    0000009a     rts430.lib : fs_div.obj (.text)
                  0000cb04    0000008c     main.obj (.text:UartRx)
                  0000cb90    00000068     rts430.lib : fs_toi.obj (.text)
                  0000cbf8    00000066     trf7960a.obj (.text:Trf796xPortB)
                  0000cc5e    00000064     Uart.obj (.text:Uart_Init)
                  0000ccc2    00000062     spi.obj (.text:SpiReadCont)
                  0000cd24    00000056     spi.obj (.text:SpiReadSingle)
                  0000cd7a    00000054     iso15693.obj (.text:TRF796xCheckRXWaitTime)
                  0000cdce    0000004c     rts430.lib : lsr16.obj (.text)
                  0000ce1a    0000004a                : fs_cmp.obj (.text)
                  0000ce64    00000046     spi.obj (.text:SpiUsciSet)
                  0000ceaa    00000046     rts430.lib : autoinit.obj (.text:_auto_init)
                  0000cef0    00000044     spi.obj (.text:SpiWriteSingle)
                  0000cf34    00000040     Uart.obj (.text:Uart_setParity)
                  0000cf74    00000036     spi.obj (.text:SpiRawWrite)
                  0000cfaa    00000034     spi.obj (.text:SpiDirectCommand)
                  0000cfde    00000032     iso15693.obj (.text:Iso15693FindTag)
                  0000d010    00000032     Uart.obj (.text:Uart_setBaudClock)
                  0000d042    00000030     trf7960a.obj (.text:Trf796xTurnRfOn)
                  0000d072    00000030     Uart.obj (.text:Uart_setBaudRate)
                  0000d0a2    0000002c     rts430.lib : lsl16.obj (.text)
                  0000d0ce    00000026     trf7960a.obj (.text:Trf796xDisableSlotCounter)
                  0000d0f4    00000026     trf7960a.obj (.text:Trf796xEnableSlotCounter)
                  0000d11a    00000026     trf7960a.obj (.text:Trf796xTurnRfOff)
                  0000d140    00000026     Uart.obj (.text:Uart_setLMSBMode)
                  0000d166    00000026     rts430.lib : boot.obj (.text:_c_int00_noexit)
                  0000d18c    00000022     mcu_clk.obj (.text:SystemClkSet)
                  0000d1ae    0000001c     mcu_clk.obj (.text:DelayMillisecond)
                  0000d1ca    0000001a     mcu_clk.obj (.text:CounterSet)
                  0000d1e4    0000001a     spi.obj (.text:SpiClkHigh)
                  0000d1fe    0000001a     trf7960a.obj (.text:Trf796xInitialSettings)
                  0000d218    0000001a     Uart.obj (.text:Uart_setbitMode)
                  0000d232    00000016     spi.obj (.text:SpiSetup)
                  0000d248    00000016     Uart.obj (.text:Uart_setstopbitMode)
                  0000d25e    00000014     spi.obj (.text:SpiClkLow)
                  0000d272    00000014     rts430.lib : mult16.obj (.text)
                  0000d286    00000012     trf7960a.obj (.text:Trf796xReadIrqStatus)
                  0000d298    00000012     trf7960a.obj (.text:Trf796xResetIrqStatus)
                  0000d2aa    00000012     Uart.obj (.text:Uart_sendstr)
                  0000d2bc    00000012     rts430.lib : memcpy.obj (.text:memcpy)
                  0000d2ce    00000010     trf7960a.obj (.text:Trf796xReset)
                  0000d2de    00000010     trf7960a.obj (.text:Trf796xRunDecoders)
                  0000d2ee    00000010     trf7960a.obj (.text:Trf796xStopDecoders)
                  0000d2fe    00000010     trf7960a.obj (.text:Trf796xTransmitNextSlot)
                  0000d30e    00000010     Uart.obj (.text:Uart_sendchar)
                  0000d31e    00000010     rts430.lib : epilog.obj (.text)
                  0000d32e    0000000e     mcu_clk.obj (.text:Msp430f23x0TimerAHandler)
                  0000d33c    0000000e     trf7960a.obj (.text:Trf796xReadCont)
                  0000d34a    0000000c     trf7960a.obj (.text:Trf796xReadSingle)
                  0000d356    00000006     trf7960a.obj (.text:Trf796xCommunicationSetup)
                  0000d35c    00000006     trf7960a.obj (.text:Trf796xDirectCommand)
                  0000d362    00000006     trf7960a.obj (.text:Trf796xRawWrite)
                  0000d368    00000006     trf7960a.obj (.text:Trf796xWriteSingle)
                  0000d36e    00000004     rts430.lib : pre_init.obj (.text:_system_pre_init)
                  0000d372    00000004                : exit.obj (.text:abort)
                  0000d376    00000002                : _lock.obj (.text:_nop)

.const     0    0000d378    000000b6     
                  0000d378    000000b6     main.obj (.const:.string)

.cinit     0    0000d42e    0000009a     
                  0000d42e    0000007f     main.obj (.cinit)
                  0000d4ad    00000001     --HOLE-- [fill = 0]
                  0000d4ae    0000000b     iso15693.obj (.cinit)
                  0000d4b9    00000001     --HOLE-- [fill = 0]
                  0000d4ba    0000000b     trf7960a.obj (.cinit)
                  0000d4c5    00000001     --HOLE-- [fill = 0]
                  0000d4c6    00000002     (.pad.cinit) [fill = 0]

.int03     0    0000ffe6    00000002     
                  0000ffe6    00000002     trf7960a.obj (.int03)

.int07     0    0000ffee    00000002     
                  0000ffee    00000002     main.obj (.int07)

.int09     0    0000fff2    00000002     
                  0000fff2    00000002     mcu_clk.obj (.int09)

.reset     0    0000fffe    00000002     
                  0000fffe    00000002     rts430.lib : boot.obj (.reset)


GLOBAL SYMBOLS: SORTED ALPHABETICALLY BY Name 

address    name
--------   ----
00000200   .bss
0000c000   .text
0000004a   ADC10AE0
000001b0   ADC10CTL0
000001b2   ADC10CTL1
00000048   ADC10DTC0
00000049   ADC10DTC1
000001b4   ADC10MEM
000001bc   ADC10SA
00000057   BCSCTL1
00000058   BCSCTL2
00000053   BCSCTL3
0000d372   C$$EXIT
00000059   CACTL1
0000005a   CACTL2
000010fb   CALBC1_12MHZ
000010f9   CALBC1_16MHZ
000010ff   CALBC1_1MHZ
000010fd   CALBC1_8MHZ
000010fa   CALDCO_12MHZ
000010f8   CALDCO_16MHZ
000010fe   CALDCO_1MHZ
000010fc   CALDCO_8MHZ
0000005b   CAPD
0000d1ca   CounterSet
00000056   DCOCTL
0000d1ae   DelayMillisecond
00000128   FCTL1
0000012a   FCTL2
0000012c   FCTL3
00000000   IE1
00000001   IE2
00000002   IFG1
00000003   IFG2
0000d0a2   I_LSL
0000d0ca   I_LSL_1
0000d0b8   I_LSL_10
0000d0b6   I_LSL_11
0000d0b4   I_LSL_12
0000d0b2   I_LSL_13
0000d0b0   I_LSL_14
0000d0ae   I_LSL_15
0000d0c8   I_LSL_2
0000d0c6   I_LSL_3
0000d0c4   I_LSL_4
0000d0c2   I_LSL_5
0000d0c0   I_LSL_6
0000d0be   I_LSL_7
0000d0bc   I_LSL_8
0000d0ba   I_LSL_9
0000cdce   I_LSR
0000ce14   I_LSR_1
0000cdf0   I_LSR_10
0000cdec   I_LSR_11
0000cde8   I_LSR_12
0000cde4   I_LSR_13
0000cde0   I_LSR_14
0000cddc   I_LSR_15
0000ce10   I_LSR_2
0000ce0c   I_LSR_3
0000ce08   I_LSR_4
0000ce04   I_LSR_5
0000ce00   I_LSR_6
0000cdfc   I_LSR_7
0000cdf8   I_LSR_8
0000cdf4   I_LSR_9
0000c26e   Iso15693Anticollision
0000cfde   Iso15693FindTag
0000c9c4   Iso15693ReadSingleBlockWithoutUID
0000c8ee   Iso15693WriteSingleBlockWithoutUID
0000d32e   Msp430f23x0TimerAHandler
00000022   P1DIR
00000025   P1IE
00000024   P1IES
00000023   P1IFG
00000020   P1IN
00000021   P1OUT
00000027   P1REN
00000026   P1SEL
00000041   P1SEL2
0000002a   P2DIR
0000002d   P2IE
0000002c   P2IES
0000002b   P2IFG
00000028   P2IN
00000029   P2OUT
0000002f   P2REN
0000002e   P2SEL
00000042   P2SEL2
0000001a   P3DIR
00000018   P3IN
00000019   P3OUT
00000010   P3REN
0000001b   P3SEL
00000043   P3SEL2
00000256   Rx_buf
00000260   Rx_count
0000d1e4   SpiClkHigh
0000d25e   SpiClkLow
0000cfaa   SpiDirectCommand
0000cf74   SpiRawWrite
0000ccc2   SpiReadCont
0000cd24   SpiReadSingle
0000d232   SpiSetup
0000ce64   SpiUsciSet
0000cef0   SpiWriteSingle
0000d18c   SystemClkSet
00000172   TA0CCR0
00000174   TA0CCR1
00000176   TA0CCR2
00000162   TA0CCTL0
00000164   TA0CCTL1
00000166   TA0CCTL2
00000160   TA0CTL
0000012e   TA0IV
00000170   TA0R
00000192   TA1CCR0
00000194   TA1CCR1
00000196   TA1CCR2
00000182   TA1CCTL0
00000184   TA1CCTL1
00000186   TA1CCTL2
00000180   TA1CTL
0000011e   TA1IV
00000190   TA1R
0000cd7a   TRF796xCheckRXWaitTime
00000238   Tag_read_data
00000244   Tag_write_data
0000d356   Trf796xCommunicationSetup
0000d35c   Trf796xDirectCommand
0000d0ce   Trf796xDisableSlotCounter
0000d0f4   Trf796xEnableSlotCounter
0000c7be   Trf796xISR
0000c68e   Trf796xISR2
0000d1fe   Trf796xInitialSettings
0000cbf8   Trf796xPortB
0000d362   Trf796xRawWrite
0000d33c   Trf796xReadCont
0000d286   Trf796xReadIrqStatus
0000d34a   Trf796xReadSingle
0000d2ce   Trf796xReset
0000d298   Trf796xResetIrqStatus
0000d2de   Trf796xRunDecoders
0000d2ee   Trf796xStopDecoders
0000d2fe   Trf796xTransmitNextSlot
0000d11a   Trf796xTurnRfOff
0000d042   Trf796xTurnRfOn
0000c488   Trf796xWriteIsoControl
0000d368   Trf796xWriteSingle
00000264   Tx_data
0000005d   UCA0ABCTL
00000062   UCA0BR0
00000063   UCA0BR1
00000060   UCA0CTL0
00000061   UCA0CTL1
0000005f   UCA0IRRCTL
0000005e   UCA0IRTCTL
00000064   UCA0MCTL
00000066   UCA0RXBUF
00000065   UCA0STAT
00000067   UCA0TXBUF
0000006a   UCB0BR0
0000006b   UCB0BR1
00000068   UCB0CTL0
00000069   UCB0CTL1
0000006c   UCB0I2CIE
00000118   UCB0I2COA
0000011a   UCB0I2CSA
0000006e   UCB0RXBUF
0000006d   UCB0STAT
0000006f   UCB0TXBUF
0000022a   UID_data
0000cb04   UartRx
0000cc5e   Uart_Init
0000d30e   Uart_sendchar
0000d2aa   Uart_sendstr
0000d010   Uart_setBaudClock
0000d072   Uart_setBaudRate
0000d140   Uart_setLMSBMode
0000cf34   Uart_setParity
0000d218   Uart_setbitMode
0000d248   Uart_setstopbitMode
00000120   WDTCTL
00000400   __STACK_END
00000050   __STACK_SIZE
00000001   __TI_args_main
00000001   __TI_auto_init
00000001   __TI_exit
ffffffff   __binit__
00000200   __bss__
ffffffff   __c_args__
0000d42e   __cinit__
00000288   __end__
0000d378   __etext__
0000ce1a   __fs_cmp
0000ca6a   __fs_div
0000cb90   __fs_toi
0000d272   __mpyi
ffffffff   __pinit__
0000c000   __text__
0000ceaa   _auto_init
0000d166   _c_int00
0000d166   _c_int00_noexit
0000027e   _cleanup_ptr
00000280   _dtors_ptr
0000027a   _lock
0000d376   _nop
0000fffe   _reset_vector
000003b0   _stack
0000d36e   _system_pre_init
0000027c   _unlock
0000d372   abort
00000200   addr_data
00000286   afi
ffffffff   binit
0000d42e   cinit
00000282   command
00000284   direct_mode
00000288   end
0000d378   etext
00000254   find_tag_flag
00000287   flags
00000253   found
0000d32a   func_epilog_1
0000d328   func_epilog_2
0000d326   func_epilog_3
0000d324   func_epilog_4
0000d322   func_epilog_5
0000d320   func_epilog_6
0000d31e   func_epilog_7
00000252   host_control_flag
0000024e   i_reg
00000262   inv_or_rw_flag
00000278   inventory_flag
0000024f   irq_flag
00000251   irq_status_g
0000c000   main
0000d2bc   memcpy
ffffffff   pinit
00000202   read_data
00000250   rx_error_flag
00000285   temp
00000279   trash
00000216   write_data


GLOBAL SYMBOLS: SORTED BY Symbol Address 

address    name
--------   ----
00000000   IE1
00000001   IE2
00000001   __TI_args_main
00000001   __TI_auto_init
00000001   __TI_exit
00000002   IFG1
00000003   IFG2
00000010   P3REN
00000018   P3IN
00000019   P3OUT
0000001a   P3DIR
0000001b   P3SEL
00000020   P1IN
00000021   P1OUT
00000022   P1DIR
00000023   P1IFG
00000024   P1IES
00000025   P1IE
00000026   P1SEL
00000027   P1REN
00000028   P2IN
00000029   P2OUT
0000002a   P2DIR
0000002b   P2IFG
0000002c   P2IES
0000002d   P2IE
0000002e   P2SEL
0000002f   P2REN
00000041   P1SEL2
00000042   P2SEL2
00000043   P3SEL2
00000048   ADC10DTC0
00000049   ADC10DTC1
0000004a   ADC10AE0
00000050   __STACK_SIZE
00000053   BCSCTL3
00000056   DCOCTL
00000057   BCSCTL1
00000058   BCSCTL2
00000059   CACTL1
0000005a   CACTL2
0000005b   CAPD
0000005d   UCA0ABCTL
0000005e   UCA0IRTCTL
0000005f   UCA0IRRCTL
00000060   UCA0CTL0
00000061   UCA0CTL1
00000062   UCA0BR0
00000063   UCA0BR1
00000064   UCA0MCTL
00000065   UCA0STAT
00000066   UCA0RXBUF
00000067   UCA0TXBUF
00000068   UCB0CTL0
00000069   UCB0CTL1
0000006a   UCB0BR0
0000006b   UCB0BR1
0000006c   UCB0I2CIE
0000006d   UCB0STAT
0000006e   UCB0RXBUF
0000006f   UCB0TXBUF
00000118   UCB0I2COA
0000011a   UCB0I2CSA
0000011e   TA1IV
00000120   WDTCTL
00000128   FCTL1
0000012a   FCTL2
0000012c   FCTL3
0000012e   TA0IV
00000160   TA0CTL
00000162   TA0CCTL0
00000164   TA0CCTL1
00000166   TA0CCTL2
00000170   TA0R
00000172   TA0CCR0
00000174   TA0CCR1
00000176   TA0CCR2
00000180   TA1CTL
00000182   TA1CCTL0
00000184   TA1CCTL1
00000186   TA1CCTL2
00000190   TA1R
00000192   TA1CCR0
00000194   TA1CCR1
00000196   TA1CCR2
000001b0   ADC10CTL0
000001b2   ADC10CTL1
000001b4   ADC10MEM
000001bc   ADC10SA
00000200   .bss
00000200   __bss__
00000200   addr_data
00000202   read_data
00000216   write_data
0000022a   UID_data
00000238   Tag_read_data
00000244   Tag_write_data
0000024e   i_reg
0000024f   irq_flag
00000250   rx_error_flag
00000251   irq_status_g
00000252   host_control_flag
00000253   found
00000254   find_tag_flag
00000256   Rx_buf
00000260   Rx_count
00000262   inv_or_rw_flag
00000264   Tx_data
00000278   inventory_flag
00000279   trash
0000027a   _lock
0000027c   _unlock
0000027e   _cleanup_ptr
00000280   _dtors_ptr
00000282   command
00000284   direct_mode
00000285   temp
00000286   afi
00000287   flags
00000288   __end__
00000288   end
000003b0   _stack
00000400   __STACK_END
000010f8   CALDCO_16MHZ
000010f9   CALBC1_16MHZ
000010fa   CALDCO_12MHZ
000010fb   CALBC1_12MHZ
000010fc   CALDCO_8MHZ
000010fd   CALBC1_8MHZ
000010fe   CALDCO_1MHZ
000010ff   CALBC1_1MHZ
0000c000   .text
0000c000   __text__
0000c000   main
0000c26e   Iso15693Anticollision
0000c488   Trf796xWriteIsoControl
0000c68e   Trf796xISR2
0000c7be   Trf796xISR
0000c8ee   Iso15693WriteSingleBlockWithoutUID
0000c9c4   Iso15693ReadSingleBlockWithoutUID
0000ca6a   __fs_div
0000cb04   UartRx
0000cb90   __fs_toi
0000cbf8   Trf796xPortB
0000cc5e   Uart_Init
0000ccc2   SpiReadCont
0000cd24   SpiReadSingle
0000cd7a   TRF796xCheckRXWaitTime
0000cdce   I_LSR
0000cddc   I_LSR_15
0000cde0   I_LSR_14
0000cde4   I_LSR_13
0000cde8   I_LSR_12
0000cdec   I_LSR_11
0000cdf0   I_LSR_10
0000cdf4   I_LSR_9
0000cdf8   I_LSR_8
0000cdfc   I_LSR_7
0000ce00   I_LSR_6
0000ce04   I_LSR_5
0000ce08   I_LSR_4
0000ce0c   I_LSR_3
0000ce10   I_LSR_2
0000ce14   I_LSR_1
0000ce1a   __fs_cmp
0000ce64   SpiUsciSet
0000ceaa   _auto_init
0000cef0   SpiWriteSingle
0000cf34   Uart_setParity
0000cf74   SpiRawWrite
0000cfaa   SpiDirectCommand
0000cfde   Iso15693FindTag
0000d010   Uart_setBaudClock
0000d042   Trf796xTurnRfOn
0000d072   Uart_setBaudRate
0000d0a2   I_LSL
0000d0ae   I_LSL_15
0000d0b0   I_LSL_14
0000d0b2   I_LSL_13
0000d0b4   I_LSL_12
0000d0b6   I_LSL_11
0000d0b8   I_LSL_10
0000d0ba   I_LSL_9
0000d0bc   I_LSL_8
0000d0be   I_LSL_7
0000d0c0   I_LSL_6
0000d0c2   I_LSL_5
0000d0c4   I_LSL_4
0000d0c6   I_LSL_3
0000d0c8   I_LSL_2
0000d0ca   I_LSL_1
0000d0ce   Trf796xDisableSlotCounter
0000d0f4   Trf796xEnableSlotCounter
0000d11a   Trf796xTurnRfOff
0000d140   Uart_setLMSBMode
0000d166   _c_int00
0000d166   _c_int00_noexit
0000d18c   SystemClkSet
0000d1ae   DelayMillisecond
0000d1ca   CounterSet
0000d1e4   SpiClkHigh
0000d1fe   Trf796xInitialSettings
0000d218   Uart_setbitMode
0000d232   SpiSetup
0000d248   Uart_setstopbitMode
0000d25e   SpiClkLow
0000d272   __mpyi
0000d286   Trf796xReadIrqStatus
0000d298   Trf796xResetIrqStatus
0000d2aa   Uart_sendstr
0000d2bc   memcpy
0000d2ce   Trf796xReset
0000d2de   Trf796xRunDecoders
0000d2ee   Trf796xStopDecoders
0000d2fe   Trf796xTransmitNextSlot
0000d30e   Uart_sendchar
0000d31e   func_epilog_7
0000d320   func_epilog_6
0000d322   func_epilog_5
0000d324   func_epilog_4
0000d326   func_epilog_3
0000d328   func_epilog_2
0000d32a   func_epilog_1
0000d32e   Msp430f23x0TimerAHandler
0000d33c   Trf796xReadCont
0000d34a   Trf796xReadSingle
0000d356   Trf796xCommunicationSetup
0000d35c   Trf796xDirectCommand
0000d362   Trf796xRawWrite
0000d368   Trf796xWriteSingle
0000d36e   _system_pre_init
0000d372   C$$EXIT
0000d372   abort
0000d376   _nop
0000d378   __etext__
0000d378   etext
0000d42e   __cinit__
0000d42e   cinit
0000fffe   _reset_vector
ffffffff   __binit__
ffffffff   __c_args__
ffffffff   __pinit__
ffffffff   binit
ffffffff   pinit

[244 symbols]
